{
  "system_description_record": {
    "system_identifier": "AAAAAA==",
    "t2timeout": 2500
  },
  "certificate": {
    "input_record": {
      "previous_hash": "AAAAAAAAAAAAAAAAAAAAAAAAAAAAAAAAAAAAAAAAAAA=",
      "hash": "iLTfxpqQ4oze24aBvSjk+hfszMCS0+GiZLNzkXJvdnw=",
      "block_hash": "AAAAAAAAAAAAAAAAAAAAAAAAAAAAAAAAAAAAAAAAAAA=",
      "summary_value": "G8FtZ07IAAA=",
      "round_number": 1
    },
    "unicity_tree_certificate": {
      "system_identifier": "AAAAAA==",
      "sibling_hashes": [
        "AAAAAAAAAAAAAAAAAAAAAAAAAAAAAAAAAAAAAAAAAAA=",
        "AAAAAAAAAAAAAAAAAAAAAAAAAAAAAAAAAAAAAAAAAAA=",
        "AAAAAAAAAAAAAAAAAAAAAAAAAAAAAAAAAAAAAAAAAAA=",
        "AAAAAAAAAAAAAAAAAAAAAAAAAAAAAAAAAAAAAAAAAAA=",
        "AAAAAAAAAAAAAAAAAAAAAAAAAAAAAAAAAAAAAAAAAAA=",
        "AAAAAAAAAAAAAAAAAAAAAAAAAAAAAAAAAAAAAAAAAAA=",
        "AAAAAAAAAAAAAAAAAAAAAAAAAAAAAAAAAAAAAAAAAAA=",
        "AAAAAAAAAAAAAAAAAAAAAAAAAAAAAAAAAAAAAAAAAAA=",
        "AAAAAAAAAAAAAAAAAAAAAAAAAAAAAAAAAAAAAAAAAAA=",
        "AAAAAAAAAAAAAAAAAAAAAAAAAAAAAAAAAAAAAAAAAAA=",
        "AAAAAAAAAAAAAAAAAAAAAAAAAAAAAAAAAAAAAAAAAAA=",
        "AAAAAAAAAAAAAAAAAAAAAAAAAAAAAAAAAAAAAAAAAAA=",
        "AAAAAAAAAAAAAAAAAAAAAAAAAAAAAAAAAAAAAAAAAAA=",
        "AAAAAAAAAAAAAAAAAAAAAAAAAAAAAAAAAAAAAAAAAAA=",
        "AAAAAAAAAAAAAAAAAAAAAAAAAAAAAAAAAAAAAAAAAAA=",
        "AAAAAAAAAAAAAAAAAAAAAAAAAAAAAAAAAAAAAAAAAAA=",
        "AAAAAAAAAAAAAAAAAAAAAAAAAAAAAAAAAAAAAAAAAAA=",
        "AAAAAAAAAAAAAAAAAAAAAAAAAAAAAAAAAAAAAAAAAAA=",
        "AAAAAAAAAAAAAAAAAAAAAAAAAAAAAAAAAAAAAAAAAAA=",
        "AAAAAAAAAAAAAAAAAAAAAAAAAAAAAAAAAAAAAAAAAAA=",
        "AAAAAAAAAAAAAAAAAAAAAAAAAAAAAAAAAAAAAAAAAAA=",
        "AAAAAAAAAAAAAAAAAAAAAAAAAAAAAAAAAAAAAAAAAAA=",
        "AAAAAAAAAAAAAAAAAAAAAAAAAAAAAAAAAAAAAAAAAAA=",
        "AAAAAAAAAAAAAAAAAAAAAAAAAAAAAAAAAAAAAAAAAAA=",
        "AAAAAAAAAAAAAAAAAAAAAAAAAAAAAAAAAAAAAAAAAAA=",
        "AAAAAAAAAAAAAAAAAAAAAAAAAAAAAAAAAAAAAAAAAAA=",
        "AAAAAAAAAAAAAAAAAAAAAAAAAAAAAAAAAAAAAAAAAAA=",
        "AAAAAAAAAAAAAAAAAAAAAAAAAAAAAAAAAAAAAAAAAAA=",
        "AAAAAAAAAAAAAAAAAAAAAAAAAAAAAAAAAAAAAAAAAAA=",
        "AAAAAAAAAAAAAAAAAAAAAAAAAAAAAAAAAAAAAAAAAAA=",
        "AAAAAAAAAAAAAAAAAAAAAAAAAAAAAAAAAAAAAAAAAAA=",
        "AAAAAAAAAAAAAAAAAAAAAAAAAAAAAAAAAAAAAAAAAAA="
      ],
      "system_description_hash": "1xLJvNPorwq+KXmXUY4IhQwyVJJO1ROXgYNxcrBt25U="
    },
    "unicity_seal": {
      "root_chain_round_number": 1,
      "timestamp": 1681971084,
      "previous_hash": "KtnZvtds5rQcG9xo1Wbvq0dRsjzbL7PPeOqtPhSjpIc=",
      "hash": "S1+FLQQjj3NCUMmKBWEc9KHT8GMvUno/dD/F4hcw5Pc=",
      "signatures": {
        "16Uiu2HAkzMUajoHFDnGvMDzg9NZ6d5N8HRFUYD9WWm4mdu1tuWJu": "zdxKX/e5ZWhq8AA4cwS9/b2xjwna5fENnaNDudvhmOt4HOeJwRDoJC8Ry1MP0g3joSmkilZyeXinjLZxzsx+SQE=",
        "16Uiu2HAm32YdfLMCgxMXumJpGaShyMvP2CWpmTkVihSNsViDjehB": "GY5rnB/VSu3v2KgMpNaZL2pEUtU0N4z+JDbkZGb+7vovNLrt5gxt38k6dWK02GzJ7jkbdVMq2WTjP2d/fgmZkwA=",
        "16Uiu2HAm8jqwdS45V1uQCibKXg3V1zn6yaXA5LYLfdky58ZSUiZp": "1cW0XpX5dxKrG7eKdGSouXtnWifPsOx5w9OKg7g0ZQUwi2t3KToMc9SsVddBPJIuto+EnLH9zW9UC1Rm5kgFygE=",
        "16Uiu2HAmF7rAuvXZqFDXYvAgBpzvsR5mMVt5oJkNskLLp5drxZKh": "q51YXBBuHNm9F0KrMPVzSm+jqAwLGrG6YhclYMWrCttv43TNOZrS1k7chjBJh2VsY2enSs9fSKMwWg9qf8rhzAA="
      }
    }
  },
  "root_validators": [
    {
      "node_identifier": "16Uiu2HAmF7rAuvXZqFDXYvAgBpzvsR5mMVt5oJkNskLLp5drxZKh",
      "signing_public_key": "A/9jNgizkGlzmxhgEb+f/B6vtfevY9qTKxYeOxhRvDcG",
      "encryption_public_key": "AySYzsqO623pHyC24ulJqYJMO+0nxtWWqjwim5lhzMVk"
    },
    {
      "node_identifier": "16Uiu2HAm32YdfLMCgxMXumJpGaShyMvP2CWpmTkVihSNsViDjehB",
      "signing_public_key": "AhJZDeX6A2rYRYR4Ge5MPskEBl6MVA/SoH96o+LpBMXg",
      "encryption_public_key": "AnDw1FQ4TSzeMdkAFFln+oxxXb28t9CFGreRF/WWx3A+"
    },
    {
      "node_identifier": "16Uiu2HAkzMUajoHFDnGvMDzg9NZ6d5N8HRFUYD9WWm4mdu1tuWJu",
      "signing_public_key": "Ah+MuHCdujs1oCDlwmCP1WHwS9hgfDEg6ggcjhQQMORy",
      "encryption_public_key": "Akk3OWV+biF2+T3f4o/QfAnZn5J4sqZX9UhVoxJi7Kxy"
    },
    {
      "node_identifier": "16Uiu2HAm8jqwdS45V1uQCibKXg3V1zn6yaXA5LYLfdky58ZSUiZp",
      "signing_public_key": "AiwFESD9BtqoZ/oEfPK5jmO/bR188S3+Zu4tJun6KHc0",
      "encryption_public_key": "AsXPpkH3HyaqpFQmqUxN74TNscvqoUQut9v+6cRTLNq7"
    }
  ],
  "keys": [
    {
      "node_identifier": "16Uiu2HAmGJRSYgrPS5pim41T8dGd6pNzhWm37xQLXJKJyugaoUDt",
      "signing_public_key": "A7t+X/7j6KKqW8Rk3ydiavp+nfH5t7JPfZGEdmfd6kuP",
      "encryption_public_key": "AzYp67k1+Md7QI0CuxYkjAhikjRDUYKG67BXz5c1mQ1X"
    }
  ],
  "params": "gxsN4Lazp2QAABsN4Lazp2QAAIGDRAAAAAAZCcSCWCEAAAAAAAAAAAAAAAAAAAAAAAAAAAAAAAAAAAAAAAAAAgBDU1EB"
}