{
  "root": {
    "root_validators": [
      {
        "node_identifier": "16Uiu2HAmQybmxHV6fChWmnv6hyMcXNoN1gnKkaUitMbHxe9s2PoE",
        "signing_public_key": "A7WudJ5cB6+KTRUKnVE7VB93kPgtRK296hAt2MRgp0Pa",
        "encryption_public_key": "A7cQwM0gSbuDvQSq6fb+r1L1c61sRjlhCCbxlPbegwSZ"
      },
      {
        "node_identifier": "16Uiu2HAmBXaiULUwHvxg1zrQpb7LwUJpdq2ZseF8vYovCFJwySux",
        "signing_public_key": "A/IXNQf1tpkahvlOlaV5HGjqI1rrKVYPM5B06vX1MaTy",
        "encryption_public_key": "Au8+hgIUEOfHxu/29O4DS/TxV8tgRFQvBPtMh1H1nF5D"
      },
      {
        "node_identifier": "16Uiu2HAmSPNBTzzdvF6kZmfhUD92XNxLa51jE2n1NeJ9m5wrfEfH",
        "signing_public_key": "A1gmSpaPHiuLDMLFHulB+5VeqJ/wNdnJDt0WyTQlMfvd",
        "encryption_public_key": "A8wDAgvnKCWzuJ67sn0KgYnybwXrzrundH/OIJEdsipA"
      },
      {
        "node_identifier": "16Uiu2HAm2ujFWnuXQj3cf6sZc8SiPYxVDdZiD44FfJkSc6fgkrni",
        "signing_public_key": "AjXszFTKFQeftc8IC0QzNcMR7+guvErRnxTAK437p2z2",
        "encryption_public_key": "Am8xxQzcNovCrJA0QL66cxPztEbswT28lr8uPRC1On/n"
      }
    ],
    "consensus": {
      "total_root_validators": 4,
      "block_rate_ms": 900,
      "consensus_timeout_ms": 10000,
      "quorum_threshold": 3,
      "hash_algorithm": 5,
      "signatures": {
        "16Uiu2HAm2ujFWnuXQj3cf6sZc8SiPYxVDdZiD44FfJkSc6fgkrni": "+UZn7ImhVEOAIm8I37RG8n4SVCasRIs1aZboYc+NcRhdxUXWYfgO4XSizhRx7QxQc9sWoshyjfkLG6Lk9K0ldgE=",
        "16Uiu2HAmBXaiULUwHvxg1zrQpb7LwUJpdq2ZseF8vYovCFJwySux": "e7VtJhruI4E37dfa2mWKUW5XwlcDZJXffe7mDqXJl+QsYCXEwuO6EgujURBzi0JP6uEwUeDYrW2dwZpiX7nHkwE=",
        "16Uiu2HAmQybmxHV6fChWmnv6hyMcXNoN1gnKkaUitMbHxe9s2PoE": "gmko0ZLS94WoURnXI52oFIg8PK/jeVjtD4mPjkyzWXsa6JW1nrFYmtyjtzkfwuFz3RnfcSb8x8RmiStmEy3E7wA=",
        "16Uiu2HAmSPNBTzzdvF6kZmfhUD92XNxLa51jE2n1NeJ9m5wrfEfH": "AxX85QTK1il+Z+EolCqfucWek028Jd1T+LhvUtR9olseMz9Bmu4jcIWNiOERi4CHtuvFHp52JFPkRmVMGbsatwE="
      }
    }
  },
  "partitions": [
    {
      "nodes": [
        {
          "node_identifier": "16Uiu2HAmGJRSYgrPS5pim41T8dGd6pNzhWm37xQLXJKJyugaoUDt",
          "signing_public_key": "A7t+X/7j6KKqW8Rk3ydiavp+nfH5t7JPfZGEdmfd6kuP",
          "encryption_public_key": "AzYp67k1+Md7QI0CuxYkjAhikjRDUYKG67BXz5c1mQ1X",
          "block_certification_request": {
            "system_identifier": "AAAAAQ==",
            "node_identifier": "16Uiu2HAmGJRSYgrPS5pim41T8dGd6pNzhWm37xQLXJKJyugaoUDt",
            "input_record": {
              "previous_hash": "AAAAAAAAAAAAAAAAAAAAAAAAAAAAAAAAAAAAAAAAAAA=",
              "hash": "AAAAAAAAAAAAAAAAAAAAAAAAAAAAAAAAAAAAAAAAAAA=",
              "block_hash": "AAAAAAAAAAAAAAAAAAAAAAAAAAAAAAAAAAAAAAAAAAA=",
              "summary_value": "AAAAAAAAAAA=",
              "round_number": 1
            },
            "signature": "slVlmPHmFA8pcjI1ea5S82malhLDKDKSMzZvg8F6lBcs+C+rgLbQ0qoBC18kcAAkMNmYJI9HI5UiRX3Vo0BYSgE="
          },
          "t2timeout": 2500
        }
      ],
      "certificate": {
        "input_record": {
          "previous_hash": "AAAAAAAAAAAAAAAAAAAAAAAAAAAAAAAAAAAAAAAAAAA=",
          "hash": "AAAAAAAAAAAAAAAAAAAAAAAAAAAAAAAAAAAAAAAAAAA=",
          "block_hash": "AAAAAAAAAAAAAAAAAAAAAAAAAAAAAAAAAAAAAAAAAAA=",
          "summary_value": "AAAAAAAAAAA=",
          "round_number": 1
        },
        "unicity_tree_certificate": {
          "system_identifier": "AAAAAQ==",
          "sibling_hashes": [
            "AAAAAAAAAAAAAAAAAAAAAAAAAAAAAAAAAAAAAAAAAAA=",
            "AAAAAAAAAAAAAAAAAAAAAAAAAAAAAAAAAAAAAAAAAAA=",
            "AAAAAAAAAAAAAAAAAAAAAAAAAAAAAAAAAAAAAAAAAAA=",
            "AAAAAAAAAAAAAAAAAAAAAAAAAAAAAAAAAAAAAAAAAAA=",
            "AAAAAAAAAAAAAAAAAAAAAAAAAAAAAAAAAAAAAAAAAAA=",
            "AAAAAAAAAAAAAAAAAAAAAAAAAAAAAAAAAAAAAAAAAAA=",
            "AAAAAAAAAAAAAAAAAAAAAAAAAAAAAAAAAAAAAAAAAAA=",
            "AAAAAAAAAAAAAAAAAAAAAAAAAAAAAAAAAAAAAAAAAAA=",
            "AAAAAAAAAAAAAAAAAAAAAAAAAAAAAAAAAAAAAAAAAAA=",
            "AAAAAAAAAAAAAAAAAAAAAAAAAAAAAAAAAAAAAAAAAAA=",
            "AAAAAAAAAAAAAAAAAAAAAAAAAAAAAAAAAAAAAAAAAAA=",
            "AAAAAAAAAAAAAAAAAAAAAAAAAAAAAAAAAAAAAAAAAAA=",
            "AAAAAAAAAAAAAAAAAAAAAAAAAAAAAAAAAAAAAAAAAAA=",
            "AAAAAAAAAAAAAAAAAAAAAAAAAAAAAAAAAAAAAAAAAAA=",
            "AAAAAAAAAAAAAAAAAAAAAAAAAAAAAAAAAAAAAAAAAAA=",
            "AAAAAAAAAAAAAAAAAAAAAAAAAAAAAAAAAAAAAAAAAAA=",
            "AAAAAAAAAAAAAAAAAAAAAAAAAAAAAAAAAAAAAAAAAAA=",
            "AAAAAAAAAAAAAAAAAAAAAAAAAAAAAAAAAAAAAAAAAAA=",
            "AAAAAAAAAAAAAAAAAAAAAAAAAAAAAAAAAAAAAAAAAAA=",
            "AAAAAAAAAAAAAAAAAAAAAAAAAAAAAAAAAAAAAAAAAAA=",
            "AAAAAAAAAAAAAAAAAAAAAAAAAAAAAAAAAAAAAAAAAAA=",
            "AAAAAAAAAAAAAAAAAAAAAAAAAAAAAAAAAAAAAAAAAAA=",
            "AAAAAAAAAAAAAAAAAAAAAAAAAAAAAAAAAAAAAAAAAAA=",
            "AAAAAAAAAAAAAAAAAAAAAAAAAAAAAAAAAAAAAAAAAAA=",
            "AAAAAAAAAAAAAAAAAAAAAAAAAAAAAAAAAAAAAAAAAAA=",
            "AAAAAAAAAAAAAAAAAAAAAAAAAAAAAAAAAAAAAAAAAAA=",
            "AAAAAAAAAAAAAAAAAAAAAAAAAAAAAAAAAAAAAAAAAAA=",
            "AAAAAAAAAAAAAAAAAAAAAAAAAAAAAAAAAAAAAAAAAAA=",
            "AAAAAAAAAAAAAAAAAAAAAAAAAAAAAAAAAAAAAAAAAAA=",
            "AAAAAAAAAAAAAAAAAAAAAAAAAAAAAAAAAAAAAAAAAAA=",
            "AAAAAAAAAAAAAAAAAAAAAAAAAAAAAAAAAAAAAAAAAAA=",
            "AAAAAAAAAAAAAAAAAAAAAAAAAAAAAAAAAAAAAAAAAAA="
          ],
          "system_description_hash": "7ZSAu8ahWCpF6gGd0zsIa7hd0uGE1nb7l4dnFzCvCGI="
        },
        "unicity_seal": {
          "root_chain_round_number": 1,
          "timestamp": 1681971084,
          "root_internal_hash": "y3G1bqhWH9jp008qltWA7hf0Wf6Z43FBRxUVfAueXaM=",
          "hash": "ML3JMGuE5r3UkiApNeiLocndMD+A22gfjpsUvtYzZlo=",
          "root_epoch": 0,
          "signatures": {
            "16Uiu2HAm2ujFWnuXQj3cf6sZc8SiPYxVDdZiD44FfJkSc6fgkrni": "6OKE2Wbhl0rBHFmRf8eE0reWKf9Eli1NqqYOd06isO07MbL6ugvxbuFvexr88Q5kylrqX5K1jLRFNpCwLa4pXAA=",
            "16Uiu2HAmBXaiULUwHvxg1zrQpb7LwUJpdq2ZseF8vYovCFJwySux": "lwZlJaAF8zuQpKOBu55PHSLwYYjo6ROFq7hISamzetRZuI/MFAZesmkzcWgkL3kYbsaoR3oOFocywm7aqJekOwE=",
            "16Uiu2HAmQybmxHV6fChWmnv6hyMcXNoN1gnKkaUitMbHxe9s2PoE": "WKFmXI+OYlxHqGwosoSreWs2YtmGNxAD6c6wi0ERMvQDaXfci85ZKhAuKkztsmRXz1oqSuBM5+/pbq4V1ijVaAA=",
            "16Uiu2HAmSPNBTzzdvF6kZmfhUD92XNxLa51jE2n1NeJ9m5wrfEfH": "MSVwMsqZ3lwKkWOBQDBwB5UCWMDJIy21ZijtMnp7NalDBLPi3JlJ4nsSJQuck+MKmwVgAT+zbmvBTvufBMDtNAA="
          }
        }
      },
      "system_description_record": {
        "system_identifier": "AAAAAQ==",
        "t2timeout": 2500
      }
    }
  ]
}