{
  "system_description_record": {
    "system_identifier": "AAAAAQ==",
    "t2timeout": 2500
  },
  "certificate": {
    "input_record": {
      "previous_hash": "AAAAAAAAAAAAAAAAAAAAAAAAAAAAAAAAAAAAAAAAAAA=",
      "hash": "AAAAAAAAAAAAAAAAAAAAAAAAAAAAAAAAAAAAAAAAAAA=",
      "block_hash": "AAAAAAAAAAAAAAAAAAAAAAAAAAAAAAAAAAAAAAAAAAA=",
      "summary_value": "AAAAAAAAAAA=",
      "round_number": 1
    },
    "unicity_tree_certificate": {
      "system_identifier": "AAAAAQ==",
      "sibling_hashes": [
        "AAAAAAAAAAAAAAAAAAAAAAAAAAAAAAAAAAAAAAAAAAA=",
        "AAAAAAAAAAAAAAAAAAAAAAAAAAAAAAAAAAAAAAAAAAA=",
        "AAAAAAAAAAAAAAAAAAAAAAAAAAAAAAAAAAAAAAAAAAA=",
        "AAAAAAAAAAAAAAAAAAAAAAAAAAAAAAAAAAAAAAAAAAA=",
        "AAAAAAAAAAAAAAAAAAAAAAAAAAAAAAAAAAAAAAAAAAA=",
        "AAAAAAAAAAAAAAAAAAAAAAAAAAAAAAAAAAAAAAAAAAA=",
        "AAAAAAAAAAAAAAAAAAAAAAAAAAAAAAAAAAAAAAAAAAA=",
        "AAAAAAAAAAAAAAAAAAAAAAAAAAAAAAAAAAAAAAAAAAA=",
        "AAAAAAAAAAAAAAAAAAAAAAAAAAAAAAAAAAAAAAAAAAA=",
        "AAAAAAAAAAAAAAAAAAAAAAAAAAAAAAAAAAAAAAAAAAA=",
        "AAAAAAAAAAAAAAAAAAAAAAAAAAAAAAAAAAAAAAAAAAA=",
        "AAAAAAAAAAAAAAAAAAAAAAAAAAAAAAAAAAAAAAAAAAA=",
        "AAAAAAAAAAAAAAAAAAAAAAAAAAAAAAAAAAAAAAAAAAA=",
        "AAAAAAAAAAAAAAAAAAAAAAAAAAAAAAAAAAAAAAAAAAA=",
        "AAAAAAAAAAAAAAAAAAAAAAAAAAAAAAAAAAAAAAAAAAA=",
        "AAAAAAAAAAAAAAAAAAAAAAAAAAAAAAAAAAAAAAAAAAA=",
        "AAAAAAAAAAAAAAAAAAAAAAAAAAAAAAAAAAAAAAAAAAA=",
        "AAAAAAAAAAAAAAAAAAAAAAAAAAAAAAAAAAAAAAAAAAA=",
        "AAAAAAAAAAAAAAAAAAAAAAAAAAAAAAAAAAAAAAAAAAA=",
        "AAAAAAAAAAAAAAAAAAAAAAAAAAAAAAAAAAAAAAAAAAA=",
        "AAAAAAAAAAAAAAAAAAAAAAAAAAAAAAAAAAAAAAAAAAA=",
        "AAAAAAAAAAAAAAAAAAAAAAAAAAAAAAAAAAAAAAAAAAA=",
        "AAAAAAAAAAAAAAAAAAAAAAAAAAAAAAAAAAAAAAAAAAA=",
        "AAAAAAAAAAAAAAAAAAAAAAAAAAAAAAAAAAAAAAAAAAA=",
        "AAAAAAAAAAAAAAAAAAAAAAAAAAAAAAAAAAAAAAAAAAA=",
        "AAAAAAAAAAAAAAAAAAAAAAAAAAAAAAAAAAAAAAAAAAA=",
        "AAAAAAAAAAAAAAAAAAAAAAAAAAAAAAAAAAAAAAAAAAA=",
        "AAAAAAAAAAAAAAAAAAAAAAAAAAAAAAAAAAAAAAAAAAA=",
        "AAAAAAAAAAAAAAAAAAAAAAAAAAAAAAAAAAAAAAAAAAA=",
        "AAAAAAAAAAAAAAAAAAAAAAAAAAAAAAAAAAAAAAAAAAA=",
        "AAAAAAAAAAAAAAAAAAAAAAAAAAAAAAAAAAAAAAAAAAA=",
        "AAAAAAAAAAAAAAAAAAAAAAAAAAAAAAAAAAAAAAAAAAA="
      ],
      "system_description_hash": "7ZSAu8ahWCpF6gGd0zsIa7hd0uGE1nb7l4dnFzCvCGI="
    },
    "unicity_seal": {
      "root_chain_round_number": 1,
      "hash": "ML3JMGuE5r3UkiApNeiLocndMD+A22gfjpsUvtYzZlo=",
      "signatures": {
        "16Uiu2HAm87wYZyJtpPuPovXRDrMpK5tWTGyLz2GKkQL8sYHD9pmm": "b415dGpSUMAWtsngSqTe5UKj2/WTGlM9AZyTXXQlv7lMIJvGO/2vbmc19eFw6BhC6al4CnkxEKr1Pcf6YLJQ+gE="
      }
    }
  },
  "root_validators": [
    {
      "node_identifier": "16Uiu2HAm87wYZyJtpPuPovXRDrMpK5tWTGyLz2GKkQL8sYHD9pmm",
      "signing_public_key": "AnJdIK9EqWwNh0SDxe5q9QxLjoi3lWVNWsizhywCppBA",
      "encryption_public_key": "ArydEzLAl49KjvsyEZWF6YMb9W68MqC1a6QIvAJvl9OA"
    }
  ],
  "keys": [
    {
      "node_identifier": "16Uiu2HAmGJRSYgrPS5pim41T8dGd6pNzhWm37xQLXJKJyugaoUDt",
      "signing_public_key": "A7t+X/7j6KKqW8Rk3ydiavp+nfH5t7JPfZGEdmfd6kuP",
      "encryption_public_key": "AzYp67k1+Md7QI0CuxYkjAhikjRDUYKG67BXz5c1mQ1X"
    }
  ]
}