{
  "system_description_record": {
    "system_identifier": "AAAAAA==",
    "t2timeout": 2500
  },
  "certificate": {
    "input_record": {
      "previous_hash": "AAAAAAAAAAAAAAAAAAAAAAAAAAAAAAAAAAAAAAAAAAA=",
      "hash": "iLTfxpqQ4oze24aBvSjk+hfszMCS0+GiZLNzkXJvdnw=",
      "block_hash": "AAAAAAAAAAAAAAAAAAAAAAAAAAAAAAAAAAAAAAAAAAA=",
      "summary_value": "G8FtZ07IAAA=",
      "round_number": 1
    },
    "unicity_tree_certificate": {
      "system_identifier": "AAAAAA==",
      "sibling_hashes": [
        "AAAAAAAAAAAAAAAAAAAAAAAAAAAAAAAAAAAAAAAAAAA=",
        "AAAAAAAAAAAAAAAAAAAAAAAAAAAAAAAAAAAAAAAAAAA=",
        "AAAAAAAAAAAAAAAAAAAAAAAAAAAAAAAAAAAAAAAAAAA=",
        "AAAAAAAAAAAAAAAAAAAAAAAAAAAAAAAAAAAAAAAAAAA=",
        "AAAAAAAAAAAAAAAAAAAAAAAAAAAAAAAAAAAAAAAAAAA=",
        "AAAAAAAAAAAAAAAAAAAAAAAAAAAAAAAAAAAAAAAAAAA=",
        "AAAAAAAAAAAAAAAAAAAAAAAAAAAAAAAAAAAAAAAAAAA=",
        "AAAAAAAAAAAAAAAAAAAAAAAAAAAAAAAAAAAAAAAAAAA=",
        "AAAAAAAAAAAAAAAAAAAAAAAAAAAAAAAAAAAAAAAAAAA=",
        "AAAAAAAAAAAAAAAAAAAAAAAAAAAAAAAAAAAAAAAAAAA=",
        "AAAAAAAAAAAAAAAAAAAAAAAAAAAAAAAAAAAAAAAAAAA=",
        "AAAAAAAAAAAAAAAAAAAAAAAAAAAAAAAAAAAAAAAAAAA=",
        "AAAAAAAAAAAAAAAAAAAAAAAAAAAAAAAAAAAAAAAAAAA=",
        "AAAAAAAAAAAAAAAAAAAAAAAAAAAAAAAAAAAAAAAAAAA=",
        "AAAAAAAAAAAAAAAAAAAAAAAAAAAAAAAAAAAAAAAAAAA=",
        "AAAAAAAAAAAAAAAAAAAAAAAAAAAAAAAAAAAAAAAAAAA=",
        "AAAAAAAAAAAAAAAAAAAAAAAAAAAAAAAAAAAAAAAAAAA=",
        "AAAAAAAAAAAAAAAAAAAAAAAAAAAAAAAAAAAAAAAAAAA=",
        "AAAAAAAAAAAAAAAAAAAAAAAAAAAAAAAAAAAAAAAAAAA=",
        "AAAAAAAAAAAAAAAAAAAAAAAAAAAAAAAAAAAAAAAAAAA=",
        "AAAAAAAAAAAAAAAAAAAAAAAAAAAAAAAAAAAAAAAAAAA=",
        "AAAAAAAAAAAAAAAAAAAAAAAAAAAAAAAAAAAAAAAAAAA=",
        "AAAAAAAAAAAAAAAAAAAAAAAAAAAAAAAAAAAAAAAAAAA=",
        "AAAAAAAAAAAAAAAAAAAAAAAAAAAAAAAAAAAAAAAAAAA=",
        "AAAAAAAAAAAAAAAAAAAAAAAAAAAAAAAAAAAAAAAAAAA=",
        "AAAAAAAAAAAAAAAAAAAAAAAAAAAAAAAAAAAAAAAAAAA=",
        "AAAAAAAAAAAAAAAAAAAAAAAAAAAAAAAAAAAAAAAAAAA=",
        "AAAAAAAAAAAAAAAAAAAAAAAAAAAAAAAAAAAAAAAAAAA=",
        "AAAAAAAAAAAAAAAAAAAAAAAAAAAAAAAAAAAAAAAAAAA=",
        "AAAAAAAAAAAAAAAAAAAAAAAAAAAAAAAAAAAAAAAAAAA=",
        "AAAAAAAAAAAAAAAAAAAAAAAAAAAAAAAAAAAAAAAAAAA=",
        "AAAAAAAAAAAAAAAAAAAAAAAAAAAAAAAAAAAAAAAAAAA="
      ],
      "system_description_hash": "1xLJvNPorwq+KXmXUY4IhQwyVJJO1ROXgYNxcrBt25U="
    },
    "unicity_seal": {
      "root_chain_round_number": 1,
      "timestamp": 1681971084,
      "previous_hash": "KtnZvtds5rQcG9xo1Wbvq0dRsjzbL7PPeOqtPhSjpIc=",
      "hash": "S1+FLQQjj3NCUMmKBWEc9KHT8GMvUno/dD/F4hcw5Pc=",
      "signatures": {
        "16Uiu2HAm87wYZyJtpPuPovXRDrMpK5tWTGyLz2GKkQL8sYHD9pmm": "ZRar9YJ2PrmWmRF5iBF+Dr4tziGeV9Syb/NS/7AfT3xKvGHLhdCPFDi0j8EJ+6jTo7GjX1gPkv4ItaOBiVWxxwE="
      }
    }
  },
  "root_validators": [
    {
      "node_identifier": "16Uiu2HAm87wYZyJtpPuPovXRDrMpK5tWTGyLz2GKkQL8sYHD9pmm",
      "signing_public_key": "AnJdIK9EqWwNh0SDxe5q9QxLjoi3lWVNWsizhywCppBA",
      "encryption_public_key": "ArydEzLAl49KjvsyEZWF6YMb9W68MqC1a6QIvAJvl9OA"
    }
  ],
  "keys": [
    {
      "node_identifier": "16Uiu2HAmGJRSYgrPS5pim41T8dGd6pNzhWm37xQLXJKJyugaoUDt",
      "signing_public_key": "A7t+X/7j6KKqW8Rk3ydiavp+nfH5t7JPfZGEdmfd6kuP",
      "encryption_public_key": "AzYp67k1+Md7QI0CuxYkjAhikjRDUYKG67BXz5c1mQ1X"
    }
  ],
  "params": "gxsN4Lazp2QAABsN4Lazp2QAAIGDRAAAAAAZCcSCWCEAAAAAAAAAAAAAAAAAAAAAAAAAAAAAAAAAAAAAAAAAAgBDU1EB"
}