{
  "partitions": [
    {
      "nodes": [
        {
          "node_identifier": "16Uiu2HAmGJRSYgrPS5pim41T8dGd6pNzhWm37xQLXJKJyugaoUDt",
          "signing_public_key": "A7t+X/7j6KKqW8Rk3ydiavp+nfH5t7JPfZGEdmfd6kuP",
          "encryption_public_key": "AzYp67k1+Md7QI0CuxYkjAhikjRDUYKG67BXz5c1mQ1X",
          "block_certification_request": {
            "system_identifier": "AAAAAQ==",
            "node_identifier": "16Uiu2HAmGJRSYgrPS5pim41T8dGd6pNzhWm37xQLXJKJyugaoUDt",
            "root_round_number": 1,
            "input_record": {
              "previous_hash": "AAAAAAAAAAAAAAAAAAAAAAAAAAAAAAAAAAAAAAAAAAA=",
              "hash": "AAAAAAAAAAAAAAAAAAAAAAAAAAAAAAAAAAAAAAAAAAA=",
              "block_hash": "msBwL/isEaTnJ90o7nZI6QrFR32tOdtjpqToCJzXn+4=",
              "summary_value": "AAAAAAAAAAA="
            },
            "signature": "eG91SWtOvIvqSJYuOV0Jv4hcbO2YEHBz3rC5k2mppaRsg6VRZnw4pd+TOazKaGxejeE5DtiBzFSJkuIZ0iQiJwA="
          },
          "t2timeout": 2500
        }
      ],
      "certificate": {
        "input_record": {
          "previous_hash": "AAAAAAAAAAAAAAAAAAAAAAAAAAAAAAAAAAAAAAAAAAA=",
          "hash": "AAAAAAAAAAAAAAAAAAAAAAAAAAAAAAAAAAAAAAAAAAA=",
          "block_hash": "msBwL/isEaTnJ90o7nZI6QrFR32tOdtjpqToCJzXn+4=",
          "summary_value": "AAAAAAAAAAA="
        },
        "unicity_tree_certificate": {
          "system_identifier": "AAAAAQ==",
          "sibling_hashes": [
            "AAAAAAAAAAAAAAAAAAAAAAAAAAAAAAAAAAAAAAAAAAA=",
            "AAAAAAAAAAAAAAAAAAAAAAAAAAAAAAAAAAAAAAAAAAA=",
            "AAAAAAAAAAAAAAAAAAAAAAAAAAAAAAAAAAAAAAAAAAA=",
            "AAAAAAAAAAAAAAAAAAAAAAAAAAAAAAAAAAAAAAAAAAA=",
            "AAAAAAAAAAAAAAAAAAAAAAAAAAAAAAAAAAAAAAAAAAA=",
            "AAAAAAAAAAAAAAAAAAAAAAAAAAAAAAAAAAAAAAAAAAA=",
            "AAAAAAAAAAAAAAAAAAAAAAAAAAAAAAAAAAAAAAAAAAA=",
            "AAAAAAAAAAAAAAAAAAAAAAAAAAAAAAAAAAAAAAAAAAA=",
            "AAAAAAAAAAAAAAAAAAAAAAAAAAAAAAAAAAAAAAAAAAA=",
            "AAAAAAAAAAAAAAAAAAAAAAAAAAAAAAAAAAAAAAAAAAA=",
            "AAAAAAAAAAAAAAAAAAAAAAAAAAAAAAAAAAAAAAAAAAA=",
            "AAAAAAAAAAAAAAAAAAAAAAAAAAAAAAAAAAAAAAAAAAA=",
            "AAAAAAAAAAAAAAAAAAAAAAAAAAAAAAAAAAAAAAAAAAA=",
            "AAAAAAAAAAAAAAAAAAAAAAAAAAAAAAAAAAAAAAAAAAA=",
            "AAAAAAAAAAAAAAAAAAAAAAAAAAAAAAAAAAAAAAAAAAA=",
            "AAAAAAAAAAAAAAAAAAAAAAAAAAAAAAAAAAAAAAAAAAA=",
            "AAAAAAAAAAAAAAAAAAAAAAAAAAAAAAAAAAAAAAAAAAA=",
            "AAAAAAAAAAAAAAAAAAAAAAAAAAAAAAAAAAAAAAAAAAA=",
            "AAAAAAAAAAAAAAAAAAAAAAAAAAAAAAAAAAAAAAAAAAA=",
            "AAAAAAAAAAAAAAAAAAAAAAAAAAAAAAAAAAAAAAAAAAA=",
            "AAAAAAAAAAAAAAAAAAAAAAAAAAAAAAAAAAAAAAAAAAA=",
            "AAAAAAAAAAAAAAAAAAAAAAAAAAAAAAAAAAAAAAAAAAA=",
            "AAAAAAAAAAAAAAAAAAAAAAAAAAAAAAAAAAAAAAAAAAA=",
            "AAAAAAAAAAAAAAAAAAAAAAAAAAAAAAAAAAAAAAAAAAA=",
            "AAAAAAAAAAAAAAAAAAAAAAAAAAAAAAAAAAAAAAAAAAA=",
            "AAAAAAAAAAAAAAAAAAAAAAAAAAAAAAAAAAAAAAAAAAA=",
            "AAAAAAAAAAAAAAAAAAAAAAAAAAAAAAAAAAAAAAAAAAA=",
            "AAAAAAAAAAAAAAAAAAAAAAAAAAAAAAAAAAAAAAAAAAA=",
            "AAAAAAAAAAAAAAAAAAAAAAAAAAAAAAAAAAAAAAAAAAA=",
            "AAAAAAAAAAAAAAAAAAAAAAAAAAAAAAAAAAAAAAAAAAA=",
            "AAAAAAAAAAAAAAAAAAAAAAAAAAAAAAAAAAAAAAAAAAA=",
            "AAAAAAAAAAAAAAAAAAAAAAAAAAAAAAAAAAAAAAAAAAA="
          ],
          "system_description_hash": "7ZSAu8ahWCpF6gGd0zsIa7hd0uGE1nb7l4dnFzCvCGI="
        },
        "unicity_seal": {
          "root_chain_round_number": 1,
          "previous_hash": "AAAAAAAAAAAAAAAAAAAAAAAAAAAAAAAAAAAAAAAAAAA=",
          "hash": "ylh0TX7V3ERXv3kUXUwpF8CGjj60wsRuxZxrk4XWyKA=",
          "signature": "k4fL/IUVBwM0s1ee0Ab5q8N6Beiq3ryDs9f8dBEjLKxwn8tFSienUlFtJWSisxYm72YWRrgop4sRp5c7RHI1XwE="
        }
      },
      "system_description_record": {
        "system_identifier": "AAAAAQ==",
        "t2timeout": 2500
      }
    }
  ],
  "trust_base": "AnJdIK9EqWwNh0SDxe5q9QxLjoi3lWVNWsizhywCppBA",
  "hash_algorithm": 5
}